// Jest Snapshot v1, https://goo.gl/fbAQLP

exports[`should render ExpenseListItem correctly 1`] = `
<div>
  <Link
    replace={false}
    to="/edit/3"
  >
    <h3>
      Credit card
    </h3>
  </Link>
  <p>
    $
    45
     - 
    Jan 05 1970
  </p>
</div>
`;
